// Jest Snapshot v1, https://goo.gl/fbAQLP

exports[`Storyshots components Wheel Picker 1`] = `
<ul
  className="sc-bwzfXH jOEnWm"
  data-testid="picker-list"
  height={150}
  width={50}
>
  <div
    style={
      Object {
        "height": 60,
      }
    }
  />
  <li
    className="sc-bdVaJa dxYePM"
    color="#fff"
    data-itemid="0"
    data-testid="picker-item"
    fontSize={16}
    height={150}
  >
    0
  </li>
  <li
    className="sc-bdVaJa cyTzlf"
    color="#fff"
    data-itemid="1"
    data-testid="picker-item"
    fontSize={16}
    height={150}
  >
    1
  </li>
  <li
    className="sc-bdVaJa cyTzlf"
    color="#fff"
    data-itemid="2"
    data-testid="picker-item"
    fontSize={16}
    height={150}
  >
    2
  </li>
  <li
    className="sc-bdVaJa cyTzlf"
    color="#fff"
    data-itemid="3"
    data-testid="picker-item"
    fontSize={16}
    height={150}
  >
    3
  </li>
  <li
    className="sc-bdVaJa cyTzlf"
    color="#fff"
    data-itemid="4"
    data-testid="picker-item"
    fontSize={16}
    height={150}
  >
    4
  </li>
  <li
    className="sc-bdVaJa cyTzlf"
    color="#fff"
    data-itemid="5"
    data-testid="picker-item"
    fontSize={16}
    height={150}
  >
    5
  </li>
  <li
    className="sc-bdVaJa cyTzlf"
    color="#fff"
    data-itemid="6"
    data-testid="picker-item"
    fontSize={16}
    height={150}
  >
    6
  </li>
  <li
    className="sc-bdVaJa cyTzlf"
    color="#fff"
    data-itemid="7"
    data-testid="picker-item"
    fontSize={16}
    height={150}
  >
    7
  </li>
  <li
    className="sc-bdVaJa cyTzlf"
    color="#fff"
    data-itemid="8"
    data-testid="picker-item"
    fontSize={16}
    height={150}
  >
    8
  </li>
  <li
    className="sc-bdVaJa cyTzlf"
    color="#fff"
    data-itemid="9"
    data-testid="picker-item"
    fontSize={16}
    height={150}
  >
    9
  </li>
  <li
    className="sc-bdVaJa cyTzlf"
    color="#fff"
    data-itemid="10"
    data-testid="picker-item"
    fontSize={16}
    height={150}
  >
    10
  </li>
  <li
    className="sc-bdVaJa cyTzlf"
    color="#fff"
    data-itemid="11"
    data-testid="picker-item"
    fontSize={16}
    height={150}
  >
    11
  </li>
  <li
    className="sc-bdVaJa cyTzlf"
    color="#fff"
    data-itemid="12"
    data-testid="picker-item"
    fontSize={16}
    height={150}
  >
    12
  </li>
  <li
    className="sc-bdVaJa cyTzlf"
    color="#fff"
    data-itemid="13"
    data-testid="picker-item"
    fontSize={16}
    height={150}
  >
    13
  </li>
  <li
    className="sc-bdVaJa cyTzlf"
    color="#fff"
    data-itemid="14"
    data-testid="picker-item"
    fontSize={16}
    height={150}
  >
    14
  </li>
  <li
    className="sc-bdVaJa cyTzlf"
    color="#fff"
    data-itemid="15"
    data-testid="picker-item"
    fontSize={16}
    height={150}
  >
    15
  </li>
  <li
    className="sc-bdVaJa cyTzlf"
    color="#fff"
    data-itemid="16"
    data-testid="picker-item"
    fontSize={16}
    height={150}
  >
    16
  </li>
  <li
    className="sc-bdVaJa cyTzlf"
    color="#fff"
    data-itemid="17"
    data-testid="picker-item"
    fontSize={16}
    height={150}
  >
    17
  </li>
  <li
    className="sc-bdVaJa cyTzlf"
    color="#fff"
    data-itemid="18"
    data-testid="picker-item"
    fontSize={16}
    height={150}
  >
    18
  </li>
  <li
    className="sc-bdVaJa cyTzlf"
    color="#fff"
    data-itemid="19"
    data-testid="picker-item"
    fontSize={16}
    height={150}
  >
    19
  </li>
  <li
    className="sc-bdVaJa cyTzlf"
    color="#fff"
    data-itemid="20"
    data-testid="picker-item"
    fontSize={16}
    height={150}
  >
    20
  </li>
  <li
    className="sc-bdVaJa cyTzlf"
    color="#fff"
    data-itemid="21"
    data-testid="picker-item"
    fontSize={16}
    height={150}
  >
    21
  </li>
  <li
    className="sc-bdVaJa cyTzlf"
    color="#fff"
    data-itemid="22"
    data-testid="picker-item"
    fontSize={16}
    height={150}
  >
    22
  </li>
  <li
    className="sc-bdVaJa cyTzlf"
    color="#fff"
    data-itemid="23"
    data-testid="picker-item"
    fontSize={16}
    height={150}
  >
    23
  </li>
  <li
    className="sc-bdVaJa cyTzlf"
    color="#fff"
    data-itemid="24"
    data-testid="picker-item"
    fontSize={16}
    height={150}
  >
    24
  </li>
  <li
    className="sc-bdVaJa cyTzlf"
    color="#fff"
    data-itemid="25"
    data-testid="picker-item"
    fontSize={16}
    height={150}
  >
    25
  </li>
  <li
    className="sc-bdVaJa cyTzlf"
    color="#fff"
    data-itemid="26"
    data-testid="picker-item"
    fontSize={16}
    height={150}
  >
    26
  </li>
  <li
    className="sc-bdVaJa cyTzlf"
    color="#fff"
    data-itemid="27"
    data-testid="picker-item"
    fontSize={16}
    height={150}
  >
    27
  </li>
  <li
    className="sc-bdVaJa cyTzlf"
    color="#fff"
    data-itemid="28"
    data-testid="picker-item"
    fontSize={16}
    height={150}
  >
    28
  </li>
  <li
    className="sc-bdVaJa cyTzlf"
    color="#fff"
    data-itemid="29"
    data-testid="picker-item"
    fontSize={16}
    height={150}
  >
    29
  </li>
  <div
    style={
      Object {
        "height": 60,
      }
    }
  />
</ul>
`;
